subcommands:
positional_choices:
flags:
  -r|--revision
  -f|--from
  -t|--into
  -o|--onto
  -A|--insert-after
  -B|--insert-before
  -m|--message
  -u|--use-destination-message
  --editor
  -i|--interactive
  --tool
  -k|--keep-emptied
  -h|--help
  -R|--repository
  --ignore-working-copy
  --no-integrate-operation
  --ignore-immutable
  --at-operation
  --debug
  --color
  --quiet
  --no-pager
  --config
  --config-file
positionals:
  filesets
